../Core/Src/stm32f4xx_hal_msp.c:63:6:HAL_MspInit	16	static
../Core/Src/stm32f4xx_hal_msp.c:88:6:HAL_CRC_MspInit	24	static
../Core/Src/stm32f4xx_hal_msp.c:110:6:HAL_CRC_MspDeInit	16	static
../Core/Src/stm32f4xx_hal_msp.c:132:6:HAL_DMA2D_MspInit	24	static
../Core/Src/stm32f4xx_hal_msp.c:157:6:HAL_DMA2D_MspDeInit	16	static
../Core/Src/stm32f4xx_hal_msp.c:182:6:HAL_I2C_MspInit	48	static
../Core/Src/stm32f4xx_hal_msp.c:226:6:HAL_I2C_MspDeInit	16	static
../Core/Src/stm32f4xx_hal_msp.c:257:6:HAL_LTDC_MspInit	112	static
../Core/Src/stm32f4xx_hal_msp.c:382:6:HAL_LTDC_MspDeInit	16	static
../Core/Src/stm32f4xx_hal_msp.c:444:6:HAL_RTC_MspInit	64	static
../Core/Src/stm32f4xx_hal_msp.c:477:6:HAL_RTC_MspDeInit	16	static
../Core/Src/stm32f4xx_hal_msp.c:499:6:HAL_SPI_MspInit	48	static
../Core/Src/stm32f4xx_hal_msp.c:536:6:HAL_SPI_MspDeInit	16	static
../Core/Src/stm32f4xx_hal_msp.c:566:6:HAL_UART_MspInit	56	static
../Core/Src/stm32f4xx_hal_msp.c:632:6:HAL_UART_MspDeInit	16	static
../Core/Src/stm32f4xx_hal_msp.c:679:13:HAL_FMC_MspInit	32	static
../Core/Src/stm32f4xx_hal_msp.c:785:6:HAL_SDRAM_MspInit	16	static
../Core/Src/stm32f4xx_hal_msp.c:797:13:HAL_FMC_MspDeInit	8	static
../Core/Src/stm32f4xx_hal_msp.c:871:6:HAL_SDRAM_MspDeInit	16	static
